Rescrape set to: TRUE
=== Processing PWHL season 2024 ===
ℹ === PWHL Raw Scraper started ===

── Processing 2024 PWHL season ─────────────────────────────────────────────────
ℹ Fetching 2024 PWHL schedule
ℹ 85 completed games in schedule
ℹ Fetching 2024 PWHL schedule✔ Fetched 2024 PWHL schedule [633ms]

ℹ Scraping 85 games for 2024
ℹ   Progress: 25/85 games
ℹ Scraping 85 games for 2024ℹ   Progress: 50/85 games
ℹ Scraping 85 games for 2024ℹ   Progress: 75/85 games
ℹ Scraping 85 games for 2024ℹ   Progress: 85/85 games
ℹ Scraping 85 games for 2024✔ Scraped 85 games for 2024 [7m 3.5s]

ℹ Updating 2024 schedule with JSON links
✔ 85 of 85 games linked (320 raw, 320 final)
ℹ Updating 2024 schedule with JSON links✔ Updated 2024 schedule with JSON links [477ms]

ℹ Building master schedule
✔ 320 total schedule rows, 320 with final JSON
ℹ Building master scheduleℹ === PWHL Raw Scraper complete ===
ℹ Building master schedule
ℹ Building master schedule── All done! ───────────────────────────────────────────────────────────────────
ℹ Building master schedule[main 7ca291a] PWHL Raw Updated (Start: 2024 End: 2024)
 176 files changed, 219 insertions(+), 265 deletions(-)
 rewrite daily_pwhl.out (68%)
 rewrite pwhl/pwhl_schedule_master.parquet (84%)
 rewrite pwhl/pwhl_schedule_master.rds (100%)
 rewrite pwhl/schedules/parquet/pwhl_schedule_2024.parquet (96%)
 rewrite pwhl/schedules/rds/pwhl_schedule_2024.rds (100%)
To https://github.com/sportsdataverse/fastRhockey-pwhl-raw.git
   8280658..7ca291a  main -> main
=== Processing PWHL season 2025 ===
ℹ === PWHL Raw Scraper started ===

── Processing 2025 PWHL season ─────────────────────────────────────────────────
ℹ Fetching 2025 PWHL schedule
ℹ 102 completed games in schedule
ℹ Fetching 2025 PWHL schedule✔ Fetched 2025 PWHL schedule [696ms]

ℹ Scraping 102 games for 2025
ℹ   Progress: 25/102 games
ℹ Scraping 102 games for 2025ℹ   Progress: 50/102 games
ℹ Scraping 102 games for 2025ℹ   Progress: 75/102 games
ℹ Scraping 102 games for 20252026-05-29 07:31:08.50346: Error encountered: . Please verify the game_id and ensure it corresponds to a valid game in the PWHL.
ℹ   Progress: 100/102 games
ℹ Scraping 102 games for 2025ℹ   Progress: 102/102 games
ℹ Scraping 102 games for 2025✔ Scraped 102 games for 2025 [8m 34.9s]

ℹ Updating 2025 schedule with JSON links
✔ 102 of 102 games linked (320 raw, 320 final)
ℹ Updating 2025 schedule with JSON links✔ Updated 2025 schedule with JSON links [522ms]

ℹ Building master schedule
✔ 320 total schedule rows, 320 with final JSON
ℹ Building master scheduleℹ === PWHL Raw Scraper complete ===
ℹ Building master schedule
ℹ Building master schedule── All done! ───────────────────────────────────────────────────────────────────
ℹ Building master schedule